[0m17:04:26.704525 [debug] [MainThread]: Sending event: {'category': 'dbt', 'action': 'invocation', 'label': 'start', 'context': [<snowplow_tracker.self_describing_json.SelfDescribingJson object at 0x108d04440>, <snowplow_tracker.self_describing_json.SelfDescribingJson object at 0x10a2d6710>, <snowplow_tracker.self_describing_json.SelfDescribingJson object at 0x10a2d6990>]}


============================== 17:04:26.706652 | b4d0626f-9877-4cbd-93a5-b8924b249313 ==============================
[0m17:04:26.706652 [info ] [MainThread]: Running with dbt=1.12.0
[0m17:04:26.706869 [debug] [MainThread]: running dbt with arguments {'target_path': 'None', 'introspect': 'True', 'debug': 'False', 'log_path': 'logs', 'static_parser': 'True', 'no_print': 'None', 'warn_error': 'None', 'use_experimental_parser': 'False', 'version_check': 'True', 'log_format': 'default', 'profiles_dir': '/Users/nishantjain2088gmail.com/.dbt', 'maximum_seed_size_mib': '1', 'printer_width': '80', 'cache_selected_only': 'False', 'log_cache_events': 'False', 'use_colors': 'True', 'hints_enabled': 'True', 'quiet': 'False', 'fail_fast': 'False', 'invocation_command': 'dbt run', 'send_anonymous_usage_stats': 'True', 'indirect_selection': 'eager', 'write_json': 'True', 'empty': 'False', 'partial_parse': 'True', 'warn_error_options': 'WarnErrorOptionsV2(error=[], warn=[], silence=[])'}
[0m17:04:26.707079 [error] [MainThread]: [[31mERROR[0m]: Encountered an error:
Runtime Error
  No dbt_project.yml found at expected path /Users/nishantjain2088gmail.com/projects/l1-Dag-etl/sample-data/dbt_project.yml
  Verify that each entry within packages.yml (and their transitive dependencies) contains a file named dbt_project.yml
  
[0m17:04:26.708586 [debug] [MainThread]: Resource report: {"command_name": "run", "command_success": false, "command_wall_clock_time": 0.057958916, "process_in_blocks": "0", "process_kernel_time": 0.095274, "process_mem_max_rss": "130056192", "process_out_blocks": "0", "process_user_time": 0.475535}
[0m17:04:26.708764 [debug] [MainThread]: Command `dbt run` failed at 17:04:26.708730 after 0.06 seconds
[0m17:04:26.708871 [debug] [MainThread]: Sending event: {'category': 'dbt', 'action': 'invocation', 'label': 'end', 'context': [<snowplow_tracker.self_describing_json.SelfDescribingJson object at 0x10a34c3e0>, <snowplow_tracker.self_describing_json.SelfDescribingJson object at 0x10a25e0f0>, <snowplow_tracker.self_describing_json.SelfDescribingJson object at 0x10a2e3ce0>]}
[0m17:04:26.708970 [debug] [MainThread]: Flushing usage events
[0m17:04:27.967874 [debug] [MainThread]: An error was encountered while trying to flush usage events
[0m17:09:56.365348 [debug] [MainThread]: Sending event: {'category': 'dbt', 'action': 'invocation', 'label': 'start', 'context': [<snowplow_tracker.self_describing_json.SelfDescribingJson object at 0x10cf34440>, <snowplow_tracker.self_describing_json.SelfDescribingJson object at 0x10e50a710>, <snowplow_tracker.self_describing_json.SelfDescribingJson object at 0x10e50a990>]}


============================== 17:09:56.367688 | 8a4c57f7-5a99-46e5-9f74-6fe44450d0d6 ==============================
[0m17:09:56.367688 [info ] [MainThread]: Running with dbt=1.12.0
[0m17:09:56.367917 [debug] [MainThread]: running dbt with arguments {'use_experimental_parser': 'False', 'warn_error_options': 'WarnErrorOptionsV2(error=[], warn=[], silence=[])', 'partial_parse': 'True', 'cache_selected_only': 'False', 'version_check': 'True', 'no_print': 'None', 'hints_enabled': 'True', 'debug': 'False', 'introspect': 'True', 'warn_error': 'None', 'invocation_command': 'dbt run --project-dir /Users/nishantjain2088gmail.com/projects/l1-Dag-etl/', 'static_parser': 'True', 'empty': 'False', 'profiles_dir': '/Users/nishantjain2088gmail.com/.dbt', 'write_json': 'True', 'send_anonymous_usage_stats': 'True', 'indirect_selection': 'eager', 'maximum_seed_size_mib': '1', 'target_path': 'None', 'fail_fast': 'False', 'quiet': 'False', 'log_format': 'default', 'log_path': 'logs', 'log_cache_events': 'False', 'use_colors': 'True', 'printer_width': '80'}
[0m17:09:56.368107 [error] [MainThread]: [[31mERROR[0m]: Encountered an error:
Runtime Error
  No dbt_project.yml found at expected path /Users/nishantjain2088gmail.com/projects/l1-Dag-etl/dbt_project.yml
  Verify that each entry within packages.yml (and their transitive dependencies) contains a file named dbt_project.yml
  
[0m17:09:56.369592 [debug] [MainThread]: Resource report: {"command_name": "run", "command_success": false, "command_wall_clock_time": 0.060238667, "process_in_blocks": "0", "process_kernel_time": 0.086728, "process_mem_max_rss": "130334720", "process_out_blocks": "0", "process_user_time": 0.472572}
[0m17:09:56.369756 [debug] [MainThread]: Command `dbt run` failed at 17:09:56.369724 after 0.06 seconds
[0m17:09:56.369859 [debug] [MainThread]: Sending event: {'category': 'dbt', 'action': 'invocation', 'label': 'end', 'context': [<snowplow_tracker.self_describing_json.SelfDescribingJson object at 0x10e57c3e0>, <snowplow_tracker.self_describing_json.SelfDescribingJson object at 0x10e49a7b0>, <snowplow_tracker.self_describing_json.SelfDescribingJson object at 0x10e513ce0>]}
[0m17:09:56.369959 [debug] [MainThread]: Flushing usage events
[0m17:09:57.600553 [debug] [MainThread]: An error was encountered while trying to flush usage events
