[0m16:37:36.817796 [debug] [MainThread]: Sending event: {'category': 'dbt', 'action': 'invocation', 'label': 'start', 'context': [<snowplow_tracker.self_describing_json.SelfDescribingJson object at 0x108d14440>, <snowplow_tracker.self_describing_json.SelfDescribingJson object at 0x10a266fd0>, <snowplow_tracker.self_describing_json.SelfDescribingJson object at 0x10a266e90>]}


============================== 16:37:36.842939 | 4159cab1-6838-4078-b254-d199fb53fa00 ==============================
[0m16:37:36.842939 [info ] [MainThread]: Running with dbt=1.12.0
[0m16:37:36.843141 [debug] [MainThread]: running dbt with arguments {'fail_fast': 'False', 'write_json': 'True', 'debug': 'False', 'log_path': 'logs', 'log_format': 'default', 'maximum_seed_size_mib': '1', 'printer_width': '80', 'no_print': 'None', 'warn_error_options': 'WarnErrorOptionsV2(error=[], warn=[], silence=[])', 'log_cache_events': 'False', 'partial_parse': 'True', 'warn_error': 'None', 'invocation_command': 'dbt init dbt_transform', 'hints_enabled': 'True', 'profiles_dir': '/Users/nishantjain2088gmail.com/.dbt', 'use_colors': 'True', 'empty': 'None', 'send_anonymous_usage_stats': 'True', 'version_check': 'True', 'indirect_selection': 'eager', 'target_path': 'None', 'static_parser': 'True', 'use_experimental_parser': 'False', 'introspect': 'True', 'cache_selected_only': 'False', 'quiet': 'False'}
[0m16:37:36.850518 [debug] [MainThread]: Starter project path: /Users/nishantjain2088gmail.com/projects/l1-Dag-etl/dag-etl.venv/lib/python3.14/site-packages/dbt/include/starter_project
[0m16:37:36.853110 [info ] [MainThread]: Setting up your profile.
[0m16:37:56.338167 [info ] [MainThread]: Profile dbt_transform written to /Users/nishantjain2088gmail.com/.dbt/profiles.yml using target's sample configuration. Once updated, you'll be able to start developing with dbt.
[0m16:37:56.338899 [info ] [MainThread]: Running dbt debug to validate the project...
[0m16:37:56.339101 [info ] [MainThread]: dbt version: 1.12.0
[0m16:37:56.339186 [info ] [MainThread]: python version: 3.14.6
[0m16:37:56.339262 [info ] [MainThread]: python path: /Users/nishantjain2088gmail.com/projects/l1-Dag-etl/dag-etl.venv/bin/python3.14
[0m16:37:56.339333 [info ] [MainThread]: os info: macOS-26.5.2-arm64-arm-64bit-Mach-O
[0m16:37:56.355732 [info ] [MainThread]: Using profiles dir at /Users/nishantjain2088gmail.com/.dbt
[0m16:37:56.355864 [info ] [MainThread]: Using profiles.yml file at /Users/nishantjain2088gmail.com/.dbt/profiles.yml
[0m16:37:56.355954 [info ] [MainThread]: Using dbt_project.yml file at /Users/nishantjain2088gmail.com/projects/l1-Dag-etl/dbt_transform/dbt_project.yml
[0m16:37:56.356839 [info ] [MainThread]: adapter type: duckdb
[0m16:37:56.356965 [info ] [MainThread]: adapter version: 1.10.1
[0m16:37:56.388199 [info ] [MainThread]: Configuration:
[0m16:37:56.388351 [info ] [MainThread]:   profiles.yml file [[32mOK found and valid[0m]
[0m16:37:56.388435 [info ] [MainThread]:   dbt_project.yml file [[32mOK found and valid[0m]
[0m16:37:56.388508 [info ] [MainThread]: Required dependencies:
[0m16:37:56.388633 [debug] [MainThread]: Executing "git --help"
[0m16:37:56.403390 [debug] [MainThread]: STDOUT: "b"usage: git [-v | --version] [-h | --help] [-C <path>] [-c <name>=<value>]\n           [--exec-path[=<path>]] [--html-path] [--man-path] [--info-path]\n           [-p | --paginate | -P | --no-pager] [--no-replace-objects] [--no-lazy-fetch]\n           [--no-optional-locks] [--no-advice] [--bare] [--git-dir=<path>]\n           [--work-tree=<path>] [--namespace=<name>] [--config-env=<name>=<envvar>]\n           <command> [<args>]\n\nThese are common Git commands used in various situations:\n\nstart a working area (see also: git help tutorial)\n   clone      Clone a repository into a new directory\n   init       Create an empty Git repository or reinitialize an existing one\n\nwork on the current change (see also: git help everyday)\n   add        Add file contents to the index\n   mv         Move or rename a file, a directory, or a symlink\n   restore    Restore working tree files\n   rm         Remove files from the working tree and from the index\n\nexamine the history and state (see also: git help revisions)\n   bisect     Use binary search to find the commit that introduced a bug\n   diff       Show changes between commits, commit and working tree, etc\n   grep       Print lines matching a pattern\n   log        Show commit logs\n   show       Show various types of objects\n   status     Show the working tree status\n\ngrow, mark and tweak your common history\n   backfill   Download missing objects in a partial clone\n   branch     List, create, or delete branches\n   commit     Record changes to the repository\n   history    EXPERIMENTAL: Rewrite history\n   merge      Join two or more development histories together\n   rebase     Reapply commits on top of another base tip\n   reset      Set `HEAD` or the index to a known state\n   switch     Switch branches\n   tag        Create, list, delete or verify tags\n\ncollaborate (see also: git help workflows)\n   fetch      Download objects and refs from another repository\n   pull       Fetch from and integrate with another repository or a local branch\n   push       Update remote refs along with associated objects\n\n'git help -a' and 'git help -g' list available subcommands and some\nconcept guides. See 'git help <command>' or 'git help <concept>'\nto read about a specific subcommand or concept.\nSee 'git help git' for an overview of the system.\n""
[0m16:37:56.403714 [debug] [MainThread]: STDERR: "b''"
[0m16:37:56.403821 [info ] [MainThread]:  - git [[32mOK found[0m]

[0m16:37:56.403914 [info ] [MainThread]: Connection:
[0m16:37:56.404007 [info ] [MainThread]:   database: dev
[0m16:37:56.404077 [info ] [MainThread]:   schema: main
[0m16:37:56.404144 [info ] [MainThread]:   path: dev.duckdb
[0m16:37:56.404208 [info ] [MainThread]:   config_options: None
[0m16:37:56.404272 [info ] [MainThread]:   extensions: None
[0m16:37:56.404334 [info ] [MainThread]:   settings: {}
[0m16:37:56.404393 [info ] [MainThread]:   external_root: .
[0m16:37:56.404455 [info ] [MainThread]:   use_credential_provider: None
[0m16:37:56.404515 [info ] [MainThread]:   attach: None
[0m16:37:56.404573 [info ] [MainThread]:   filesystems: None
[0m16:37:56.404633 [info ] [MainThread]:   remote: None
[0m16:37:56.404690 [info ] [MainThread]:   plugins: None
[0m16:37:56.404750 [info ] [MainThread]:   disable_transactions: False
[0m16:37:56.404945 [info ] [MainThread]: Registered adapter: duckdb=1.10.1
[0m16:37:56.437942 [debug] [MainThread]: Acquiring new duckdb connection 'debug'
[0m16:37:56.455612 [debug] [MainThread]: Using duckdb connection "debug"
[0m16:37:56.455730 [debug] [MainThread]: On debug: select 1 as id
[0m16:37:56.455809 [debug] [MainThread]: Opening a new connection, currently in state init
[0m16:37:56.463591 [debug] [MainThread]: SQL status: OK in 0.008 seconds
[0m16:37:56.463875 [debug] [MainThread]: On debug: Close
[0m16:37:56.463998 [info ] [MainThread]:   Connection test: [[32mOK connection ok[0m]

[0m16:37:56.464093 [info ] [MainThread]: [32mAll checks passed![0m
[0m16:37:56.464232 [info ] [MainThread]: Your new dbt project "dbt_transform" was created!
Initialized new project in /Users/nishantjain2088gmail.com/projects/l1-Dag-etl/dbt_transform/dbt_transform

For more information on how to configure the profiles.yml file,
please consult the dbt documentation here:

  https://docs.getdbt.com/docs/configure-your-profile

One more thing:

Need help? Don't hesitate to reach out to us via GitHub issues or on Slack:

  https://community.getdbt.com/

Happy modeling!

[0m16:37:56.466307 [debug] [MainThread]: Resource report: {"command_name": "init", "command_success": true, "command_wall_clock_time": 19.686861, "process_in_blocks": "0", "process_kernel_time": 0.143198, "process_mem_max_rss": "162398208", "process_out_blocks": "0", "process_user_time": 0.58068}
[0m16:37:56.466499 [debug] [MainThread]: Command `dbt init` succeeded at 16:37:56.466460 after 19.69 seconds
[0m16:37:56.466603 [debug] [MainThread]: Connection 'debug' was properly closed.
[0m16:37:56.466719 [debug] [MainThread]: Sending event: {'category': 'dbt', 'action': 'invocation', 'label': 'end', 'context': [<snowplow_tracker.self_describing_json.SelfDescribingJson object at 0x10a0a69e0>, <snowplow_tracker.self_describing_json.SelfDescribingJson object at 0x10a55fd10>, <snowplow_tracker.self_describing_json.SelfDescribingJson object at 0x10a4e7460>]}
[0m16:37:56.466848 [debug] [MainThread]: Flushing usage events
[0m16:37:57.747630 [debug] [MainThread]: An error was encountered while trying to flush usage events
[0m22:16:20.383320 [debug] [MainThread]: Sending event: {'category': 'dbt', 'action': 'invocation', 'label': 'start', 'context': [<snowplow_tracker.self_describing_json.SelfDescribingJson object at 0x108fd8440>, <snowplow_tracker.self_describing_json.SelfDescribingJson object at 0x10a52efd0>, <snowplow_tracker.self_describing_json.SelfDescribingJson object at 0x10a52ee90>]}


============================== 22:16:20.385650 | 94e680bf-c7a7-4d99-a80a-6a9fc7df93d8 ==============================
[0m22:16:20.385650 [info ] [MainThread]: Running with dbt=1.12.0
[0m22:16:20.385874 [debug] [MainThread]: running dbt with arguments {'maximum_seed_size_mib': '1', 'cache_selected_only': 'False', 'write_json': 'True', 'target_path': 'None', 'introspect': 'True', 'use_experimental_parser': 'False', 'send_anonymous_usage_stats': 'True', 'debug': 'False', 'empty': 'None', 'invocation_command': 'dbt init dbt_transform', 'printer_width': '80', 'warn_error': 'None', 'hints_enabled': 'True', 'quiet': 'False', 'static_parser': 'True', 'log_path': 'logs', 'no_print': 'None', 'profiles_dir': '/Users/nishantjain2088gmail.com/projects/l1-Dag-etl', 'fail_fast': 'False', 'log_format': 'default', 'partial_parse': 'True', 'warn_error_options': 'WarnErrorOptionsV2(error=[], warn=[], silence=[])', 'indirect_selection': 'eager', 'log_cache_events': 'False', 'use_colors': 'True', 'version_check': 'True'}
[0m22:16:20.431753 [info ] [MainThread]: A project called dbt_transform already exists here.
[0m22:16:20.434169 [debug] [MainThread]: Resource report: {"command_name": "init", "command_success": true, "command_wall_clock_time": 0.088870086, "process_in_blocks": "0", "process_kernel_time": 0.098168, "process_mem_max_rss": "130007040", "process_out_blocks": "0", "process_user_time": 0.50022}
[0m22:16:20.434360 [debug] [MainThread]: Command `dbt init` succeeded at 22:16:20.434327 after 0.09 seconds
[0m22:16:20.434484 [debug] [MainThread]: Sending event: {'category': 'dbt', 'action': 'invocation', 'label': 'end', 'context': [<snowplow_tracker.self_describing_json.SelfDescribingJson object at 0x10a366780>, <snowplow_tracker.self_describing_json.SelfDescribingJson object at 0x10a38b0b0>, <snowplow_tracker.self_describing_json.SelfDescribingJson object at 0x10a56f570>]}
[0m22:16:20.434613 [debug] [MainThread]: Flushing usage events
[0m22:16:21.530258 [debug] [MainThread]: An error was encountered while trying to flush usage events
